**********************
Inicio de la transcripción de Windows PowerShell
Hora de inicio: 20200129134604
Nombre de usuario: LÓPEZ-CLEVES\Asus
Usuario RunAs: LÓPEZ-CLEVES\Asus
Nombre de la configuración: 
Máquina: LÓPEZ-CLEVES (Microsoft Windows NT 10.0.18362.0)
Aplicación host: C:\WINDOWS\system32\WindowsPowerShell\v1.0\PowerShell_ISE.exe
Id. de proceso: 11712
PSVersion: 5.1.18362.145
PSEdition: Desktop
PSCompatibleVersions: 1.0, 2.0, 3.0, 4.0, 5.0, 5.1.18362.145
BuildVersion: 10.0.18362.145
CLRVersion: 4.0.30319.42000
WSManStackVersion: 3.0
PSRemotingProtocolVersion: 2.3
SerializationVersion: 1.1.0.1
**********************
La transcripción ha comenzado. El archivo de salida es C:\Users\Asus\Documents\PowerShell_transcript.LÓPEZ-CLEVES.BZsjXovT.20200129134604.txt
PS C:\Users\Asus> $PSVersionTable

Name                           Value
----                           -----
PSVersion                      5.1.18362.145
PSEdition                      Desktop
PSCompatibleVersions           {1.0, 2.0, 3.0, 4.0...}
BuildVersion                   10.0.18362.145
CLRVersion                     4.0.30319.42000
WSManStackVersion              3.0
PSRemotingProtocolVersion      2.3
SerializationVersion           1.1.0.1


PS C:\Users\Asus> help update

Name                              Category  Module                    Synopsis
----                              --------  ------                    --------
Update-Help                       Cmdlet    Microsoft.PowerShell.Core ...
Update-FormatData                 Cmdlet    Microsoft.PowerShell.U... ...
Update-List                       Cmdlet    Microsoft.PowerShell.U... ...
Update-TypeData                   Cmdlet    Microsoft.PowerShell.U... ...
Update-AzureVMImage               Cmdlet    Azure                     Update-AzureVMImage...
Update-AzureVM                    Cmdlet    Azure                     Update-AzureVM...
New-AzureStorSimpleDeviceBacku... Cmdlet    Azure                     New-AzureStorSimpleDeviceBackupScheduleUpdateConfig...
Update-AzureSiteRecoveryProtec... Cmdlet    Azure                     Update-AzureSiteRecoveryProtectionEntity...
Update-AzureApplicationGateway    Cmdlet    Azure                     Update-AzureApplicationGateway...
Update-AzureSiteRecoveryProtec... Cmdlet    Azure                     Update-AzureSiteRecoveryProtectionDirection...
Update-AzureSiteRecoveryRecove... Cmdlet    Azure                     Update-AzureSiteRecoveryRecoveryPlan...
Update-AzureDisk                  Cmdlet    Azure                     Update-AzureDisk...
Update-AzureWebsiteRepository     Cmdlet    Azure                     Update-AzureWebsiteRepository...
Update-AzureStorageServiceProp... Cmdlet    Azure.Storage             Update-AzureStorageServiceProperty...
Update-AzureRmApiManagementRegion Cmdlet    AzureRM.ApiManagement     Update-AzureRmApiManagementRegion...
Update-AzureRmApiManagementDep... Cmdlet    AzureRM.ApiManagement     Update-AzureRmApiManagementDeployment...
New-AzureRmDiskUpdateConfig       Cmdlet    AzureRM.Compute           New-AzureRmDiskUpdateConfig...
Update-AzureRmVmss                Cmdlet    AzureRM.Compute           Update-AzureRmVmss...
Update-AzureRmContainerService    Cmdlet    AzureRM.Compute           Update-AzureRmContainerService...
Update-AzureRmVM                  Cmdlet    AzureRM.Compute           Update-AzureRmVM...
Set-AzureRmDiskUpdateDiskEncry... Cmdlet    AzureRM.Compute           Set-AzureRmDiskUpdateDiskEncryptionKey...
Update-AzureRmDisk                Cmdlet    AzureRM.Compute           Update-AzureRmDisk...
Set-AzureRmSnapshotUpdateKeyEn... Cmdlet    AzureRM.Compute           Set-AzureRmSnapshotUpdateKeyEncryptionKey...
Set-AzureRmSnapshotUpdateDiskE... Cmdlet    AzureRM.Compute           Set-AzureRmSnapshotUpdateDiskEncryptionKey...
Set-AzureRmDiskUpdateKeyEncryp... Cmdlet    AzureRM.Compute           Set-AzureRmDiskUpdateKeyEncryptionKey...
Update-AzureRmSnapshot            Cmdlet    AzureRM.Compute           Update-AzureRmSnapshot...
Update-AzureRmImage               Cmdlet    AzureRM.Compute           Update-AzureRmImage...
New-AzureRmSnapshotUpdateConfig   Cmdlet    AzureRM.Compute           New-AzureRmSnapshotUpdateConfig...
Update-AzureRmVmssInstance        Cmdlet    AzureRM.Compute           Update-AzureRmVmssInstance...
Update-AzureRmAvailabilitySet     Cmdlet    AzureRM.Compute           Update-AzureRmAvailabilitySet...
Update-AzureRmContainerRegistr... Cmdlet    AzureRM.ContainerRegistry Update-AzureRmContainerRegistryCredential...
Update-AzureRmContainerRegistr... Cmdlet    AzureRM.ContainerRegistry Update-AzureRmContainerRegistryWebhook...
Update-AzureRmContainerRegistry   Cmdlet    AzureRM.ContainerRegistry Update-AzureRmContainerRegistry...
Update-AzureRmDataFactoryV2       Cmdlet    AzureRM.DataFactoryV2     Update-AzureRmDataFactoryV2...
Update-AzureRmDataFactoryV2Int... Cmdlet    AzureRM.DataFactoryV2     Update-AzureRmDataFactoryV2IntegrationRuntimeNode...
Update-AzureRmDataFactoryV2Int... Cmdlet    AzureRM.DataFactoryV2     Update-AzureRmDataFactoryV2IntegrationRuntime...
Update-AzureRmDataLakeAnalytic... Cmdlet    AzureRM.DataLakeAnalytics Update-AzureRmDataLakeAnalyticsComputePolicy...
Update-AzureRmEventGridSubscri... Cmdlet    AzureRM.EventGrid         Update-AzureRmEventGridSubscription...
Update-AzureKeyVaultManagedSto... Cmdlet    AzureRM.KeyVault          Update-AzureKeyVaultManagedStorageAccount...
Update-AzureKeyVaultManagedSto... Cmdlet    AzureRM.KeyVault          Update-AzureKeyVaultManagedStorageAccountKey...
Update-AzureRmMlCommitmentPlan    Cmdlet    AzureRM.MachineLearning   Update-AzureRmMlCommitmentPlan...
Update-AzureRmMlWebService        Cmdlet    AzureRM.MachineLearning   Update-AzureRmMlWebService...
Update-AzureRmMlOpClusterSyste... Cmdlet    AzureRM.MachineLearnin... Update-AzureRmMlOpClusterSystemService...
Test-AzureRmMlOpClusterSystemS... Cmdlet    AzureRM.MachineLearnin... Test-AzureRmMlOpClusterSystemServicesUpdateAvailability...
Update-AzureRmPowerBIEmbeddedC... Cmdlet    AzureRM.PowerBIEmbedded   Update-AzureRmPowerBIEmbeddedCapacity...
Update-AzureRmRecoveryServices... Cmdlet    AzureRM.RecoveryServic... Update-AzureRmRecoveryServicesAsrProtectionDirection...
Update-AzureRmRecoveryServices... Cmdlet    AzureRM.RecoveryServic... Update-AzureRmRecoveryServicesAsrRecoveryPlan...
Update-AzureRmRecoveryServices... Cmdlet    AzureRM.RecoveryServic... Update-AzureRmRecoveryServicesAsrPolicy...
Update-AzureRmRecoveryServices... Cmdlet    AzureRM.RecoveryServic... Update-AzureRmRecoveryServicesAsrServicesProvider...
Update-AzureRmRecoveryServices... Cmdlet    AzureRM.RecoveryServic... Update-AzureRmRecoveryServicesAsrMobilityService...
Update-AzureRmRecoveryServices... Cmdlet    AzureRM.RecoveryServic... Update-AzureRmRecoveryServicesAsrNetworkMapping...
Update-AzureRmRecoveryServices... Cmdlet    AzureRM.RecoveryServic... Update-AzureRmRecoveryServicesAsrvCenter...
Update-AzureRmServiceFabricDur... Cmdlet    AzureRM.ServiceFabric     Update-AzureRmServiceFabricDurability...
Update-AzureRmServiceFabricRel... Cmdlet    AzureRM.ServiceFabric     Update-AzureRmServiceFabricReliability...
Update-AzureRmSiteRecoveryProt... Cmdlet    AzureRM.SiteRecovery      Update-AzureRmSiteRecoveryProtectionDirection...
Update-AzureRmSiteRecoveryReco... Cmdlet    AzureRM.SiteRecovery      Update-AzureRmSiteRecoveryRecoveryPlan...
Update-AzureRmSiteRecoveryServ... Cmdlet    AzureRM.SiteRecovery      Update-AzureRmSiteRecoveryServicesProvider...
Update-AzureRmSiteRecoveryPolicy  Cmdlet    AzureRM.SiteRecovery      Update-AzureRmSiteRecoveryPolicy...
Update-AzureRmSiteRecoveryServer  Cmdlet    AzureRM.SiteRecovery      Update-AzureRmSiteRecoveryServer...
Update-AzureRmSqlSyncSchema       Cmdlet    AzureRM.Sql               Update-AzureRmSqlSyncSchema...
Update-AzureRmSqlSyncGroup        Cmdlet    AzureRM.Sql               Update-AzureRmSqlSyncGroup...
Update-AzureRmSqlSyncMember       Cmdlet    AzureRM.Sql               Update-AzureRmSqlSyncMember...
Update-AzureRmStorageAccountNe... Cmdlet    AzureRM.Storage           Update-AzureRmStorageAccountNetworkRuleSet...
Update-Script                     Function  PowerShellGet             ...
Update-ModuleManifest             Function  PowerShellGet             ...
Update-Module                     Function  PowerShellGet             ...
Update-ScriptFileInfo             Function  PowerShellGet             ...
Update-MpSignature                Function  ConfigDefender            ...
Update-WIMBootEntry               Cmdlet    Dism                      Update-WIMBootEntry...
Update-AutologgerConfig           Function  EventTracingManagement    ...
Update-EtwTraceSession            Function  EventTracingManagement    ...
Update-IscsiTarget                Function  iSCSI                     ...
Update-IscsiTargetPortal          Function  iSCSI                     ...
Update-NetIPsecRule               Function  NetSecurity               ...
Update-DscConfiguration           Function  PSDesiredStateConfigur... ...
Update-SmbMultichannelConnection  Function  SmbShare                  ...
Update-Disk                       Function  Storage                   ...
Update-StorageFirmware            Function  Storage                   ...
Update-StoragePool                Function  Storage                   ...
Update-StorageProviderCache       Function  Storage                   ...
Update-HostStorageCache           Function  Storage                   ...
Update-UevTemplate                Cmdlet    UEV                       Update-UevTemplate...
Get-WindowsUpdateLog              Function  WindowsUpdate             ...
Install-WUUpdates                 Function  WindowsUpdateProvider     ...


PS C:\Users\Asus> help *html*

NOMBRE
    ConvertTo-Html

SINTAXIS
    ConvertTo-Html [[-Property] <Object[]>] [[-Head] <string[]>] [[-Title] <string>] [[-Body] <string[]>]  [<CommonParameters>]

    ConvertTo-Html [[-Property] <Object[]>]  [<CommonParameters>]


ALIAS
    Ninguno


NOTAS
    Get-Help no encuentra los archivos de Ayuda para este cmdlet en el equipo. Mostrará solo una parte de la Ayuda.
        -- Para descargar e instalar los archivos de Ayuda para el módulo que incluye este cmdlet, use Update-Help.
        -- Para ver en línea el tema de Ayuda de este cmdlet, escriba "Get-Help ConvertTo-Html -Online" o
           vaya a https://go.microsoft.com/fwlink/?LinkID=113290.



PS C:\Users\Asus> help ConvertTo-Html

NOMBRE
    ConvertTo-Html

SINTAXIS
    ConvertTo-Html [[-Property] <Object[]>] [[-Head] <string[]>] [[-Title] <string>] [[-Body] <string[]>]  [<CommonParameters>]

    ConvertTo-Html [[-Property] <Object[]>]  [<CommonParameters>]


ALIAS
    Ninguno


NOTAS
    Get-Help no encuentra los archivos de Ayuda para este cmdlet en el equipo. Mostrará solo una parte de la Ayuda.
        -- Para descargar e instalar los archivos de Ayuda para el módulo que incluye este cmdlet, use Update-Help.
        -- Para ver en línea el tema de Ayuda de este cmdlet, escriba "Get-Help ConvertTo-Html -Online" o
           vaya a https://go.microsoft.com/fwlink/?LinkID=113290.



PS C:\Users\Asus> help *out*

Name                              Category  Module                    Synopsis
----                              --------  ------                    --------
Out-Default                       Cmdlet    Microsoft.PowerShell.Core ...
Out-Host                          Cmdlet    Microsoft.PowerShell.Core ...
Out-Null                          Cmdlet    Microsoft.PowerShell.Core ...
Out-File                          Cmdlet    Microsoft.PowerShell.U... ...
Out-GridView                      Cmdlet    Microsoft.PowerShell.U... ...
Out-Printer                       Cmdlet    Microsoft.PowerShell.U... ...
Out-String                        Cmdlet    Microsoft.PowerShell.U... ...
Write-Output                      Cmdlet    Microsoft.PowerShell.U... ...
Get-AzureEffectiveRouteTable      Cmdlet    Azure                     Get-AzureEffectiveRouteTable...
Move-AzureRouteTable              Cmdlet    Azure                     Move-AzureRouteTable...
Get-AzureRouteTable               Cmdlet    Azure                     Get-AzureRouteTable...
Remove-AzureRouteTable            Cmdlet    Azure                     Remove-AzureRouteTable...
Set-AzureSubnetRouteTable         Cmdlet    Azure                     Set-AzureSubnetRouteTable...
Remove-AzureSubnetRouteTable      Cmdlet    Azure                     Remove-AzureSubnetRouteTable...
Remove-AzureRoute                 Cmdlet    Azure                     Remove-AzureRoute...
Set-AzureRoute                    Cmdlet    Azure                     Set-AzureRoute...
Get-AzureAutomationJobOutput      Cmdlet    Azure                     Get-AzureAutomationJobOutput...
New-AzureRouteTable               Cmdlet    Azure                     New-AzureRouteTable...
Get-AzureSubnetRouteTable         Cmdlet    Azure                     Get-AzureSubnetRouteTable...
Get-AzureRmAutomationJobOutput    Cmdlet    AzureRM.Automation        Get-AzureRmAutomationJobOutput...
Get-AzureRmAutomationDscCompil... Cmdlet    AzureRM.Automation        Get-AzureRmAutomationDscCompilationJobOutput...
Get-AzureRmAutomationJobOutput... Cmdlet    AzureRM.Automation        Get-AzureRmAutomationJobOutputRecord...
Get-AzureRmHDInsightJobOutput     Cmdlet    AzureRM.HDInsight         Get-AzureRmHDInsightJobOutput...
Set-AzureRmApplicationGatewayR... Cmdlet    AzureRM.Network           Set-AzureRmApplicationGatewayRequestRoutingRule...
Remove-AzureRmApplicationGatew... Cmdlet    AzureRM.Network           Remove-AzureRmApplicationGatewayRequestRoutingRule...
New-AzureRmRouteTable             Cmdlet    AzureRM.Network           New-AzureRmRouteTable...
Get-AzureRmEffectiveRouteTable    Cmdlet    AzureRM.Network           Get-AzureRmEffectiveRouteTable...
Get-AzureRmRouteTable             Cmdlet    AzureRM.Network           Get-AzureRmRouteTable...
Add-AzureRmExpressRouteCircuit... Cmdlet    AzureRM.Network           Add-AzureRmExpressRouteCircuitAuthorization...
Set-AzureRmRouteFilterRuleConfig  Cmdlet    AzureRM.Network           Set-AzureRmRouteFilterRuleConfig...
New-AzureRmExpressRouteCircuit... Cmdlet    AzureRM.Network           New-AzureRmExpressRouteCircuitAuthorization...
Get-AzureRmExpressRouteCircuit... Cmdlet    AzureRM.Network           Get-AzureRmExpressRouteCircuitRouteTable...
Remove-AzureRmRouteTable          Cmdlet    AzureRM.Network           Remove-AzureRmRouteTable...
Set-AzureRmExpressRouteCircuit... Cmdlet    AzureRM.Network           Set-AzureRmExpressRouteCircuitPeeringConfig...
Get-AzureRmApplicationGatewayR... Cmdlet    AzureRM.Network           Get-AzureRmApplicationGatewayRequestRoutingRule...
Add-AzureRmRouteFilterRuleConfig  Cmdlet    AzureRM.Network           Add-AzureRmRouteFilterRuleConfig...
Set-AzureRmRouteConfig            Cmdlet    AzureRM.Network           Set-AzureRmRouteConfig...
New-AzureRmApplicationGatewayR... Cmdlet    AzureRM.Network           New-AzureRmApplicationGatewayRequestRoutingRule...
New-AzureRmRouteFilterRuleConfig  Cmdlet    AzureRM.Network           New-AzureRmRouteFilterRuleConfig...
Get-AzureRmExpressRouteCircuit... Cmdlet    AzureRM.Network           Get-AzureRmExpressRouteCircuitPeeringConfig...
Get-AzureRmExpressRouteCircuit... Cmdlet    AzureRM.Network           Get-AzureRmExpressRouteCircuitAuthorization...
New-AzureRmRouteConfig            Cmdlet    AzureRM.Network           New-AzureRmRouteConfig...
Remove-AzureRmExpressRouteCirc... Cmdlet    AzureRM.Network           Remove-AzureRmExpressRouteCircuitPeeringConfig...
Remove-AzureRmExpressRouteCirc... Cmdlet    AzureRM.Network           Remove-AzureRmExpressRouteCircuitAuthorization...
Add-AzureRmRouteConfig            Cmdlet    AzureRM.Network           Add-AzureRmRouteConfig...
Remove-AzureRmRouteConfig         Cmdlet    AzureRM.Network           Remove-AzureRmRouteConfig...
New-AzureRmExpressRouteCircuit... Cmdlet    AzureRM.Network           New-AzureRmExpressRouteCircuitPeeringConfig...
Get-AzureRmVirtualNetworkGatew... Cmdlet    AzureRM.Network           Get-AzureRmVirtualNetworkGatewayAdvertisedRoute...
Get-AzureRmRouteConfig            Cmdlet    AzureRM.Network           Get-AzureRmRouteConfig...
Set-AzureRmRouteTable             Cmdlet    AzureRM.Network           Set-AzureRmRouteTable...
Add-AzureRmExpressRouteCircuit... Cmdlet    AzureRM.Network           Add-AzureRmExpressRouteCircuitPeeringConfig...
Get-AzureRmExpressRouteCircuit... Cmdlet    AzureRM.Network           Get-AzureRmExpressRouteCircuitRouteTableSummary...
Get-AzureRmExpressRouteService... Cmdlet    AzureRM.Network           Get-AzureRmExpressRouteServiceProvider...
Add-AzureRmApplicationGatewayR... Cmdlet    AzureRM.Network           Add-AzureRmApplicationGatewayRequestRoutingRule...
Get-AzureRmExpressRouteCircuit    Cmdlet    AzureRM.Network           Get-AzureRmExpressRouteCircuit...
Set-AzureRmRouteFilter            Cmdlet    AzureRM.Network           Set-AzureRmRouteFilter...
Get-AzureRmRouteFilterRuleConfig  Cmdlet    AzureRM.Network           Get-AzureRmRouteFilterRuleConfig...
Remove-AzureRmRouteFilterRuleC... Cmdlet    AzureRM.Network           Remove-AzureRmRouteFilterRuleConfig...
New-AzureRmExpressRouteCircuit    Cmdlet    AzureRM.Network           New-AzureRmExpressRouteCircuit...
Get-AzureRmVirtualNetworkGatew... Cmdlet    AzureRM.Network           Get-AzureRmVirtualNetworkGatewayLearnedRoute...
Set-AzureRmExpressRouteCircuit    Cmdlet    AzureRM.Network           Set-AzureRmExpressRouteCircuit...
Get-AzureRmRouteFilter            Cmdlet    AzureRM.Network           Get-AzureRmRouteFilter...
Remove-AzureRmExpressRouteCircuit Cmdlet    AzureRM.Network           Remove-AzureRmExpressRouteCircuit...
New-AzureRmRouteFilter            Cmdlet    AzureRM.Network           New-AzureRmRouteFilter...
Get-AzureRmExpressRouteCircuit... Cmdlet    AzureRM.Network           Get-AzureRmExpressRouteCircuitARPTable...
Get-AzureRmExpressRouteCircuit... Cmdlet    AzureRM.Network           Get-AzureRmExpressRouteCircuitStats...
Remove-AzureRmRouteFilter         Cmdlet    AzureRM.Network           Remove-AzureRmRouteFilter...
Move-AzureRmExpressRouteCircuit   Cmdlet    AzureRM.Network           Move-AzureRmExpressRouteCircuit...
New-AzureRmStreamAnalyticsOutput  Cmdlet    AzureRM.StreamAnalytics   New-AzureRmStreamAnalyticsOutput...
Remove-AzureRmStreamAnalyticsO... Cmdlet    AzureRM.StreamAnalytics   Remove-AzureRmStreamAnalyticsOutput...
Test-AzureRmStreamAnalyticsOutput Cmdlet    AzureRM.StreamAnalytics   Test-AzureRmStreamAnalyticsOutput...
Get-AzureRmStreamAnalyticsOutput  Cmdlet    AzureRM.StreamAnalytics   Get-AzureRmStreamAnalyticsOutput...
Get-WinCultureFromLanguageList... Cmdlet    International             Get-WinCultureFromLanguageListOptOut...
Set-WinCultureFromLanguageList... Cmdlet    International             Set-WinCultureFromLanguageListOptOut...
Get-WinAcceptLanguageFromLangu... Cmdlet    International             Get-WinAcceptLanguageFromLanguageListOptOut...
Set-WinAcceptLanguageFromLangu... Cmdlet    International             Set-WinAcceptLanguageFromLanguageListOptOut...
Get-NetRoute                      Function  NetTCPIP                  ...
Find-NetRoute                     Function  NetTCPIP                  ...
Set-NetRoute                      Function  NetTCPIP                  ...
New-NetRoute                      Function  NetTCPIP                  ...
Remove-NetRoute                   Function  NetTCPIP                  ...
Export-StartLayoutEdgeAssets      Cmdlet    StartLayout               Export-StartLayoutEdgeAssets...
Export-StartLayout                Cmdlet    StartLayout               Export-StartLayout...
Import-StartLayout                Cmdlet    StartLayout               Import-StartLayout...
Add-VpnConnectionRoute            Function  VpnClient                 ...
Remove-VpnConnectionRoute         Function  VpnClient                 ...
about_BeforeEach_AfterEach        HelpFile                            performed at the beginning and end of every It block. This c...
about_Mocking                     HelpFile                            Pester provides a set of Mocking functions making it easy to...
about_Pester                      HelpFile                            Pester is a BDD based test runner for PowerShell.
about_should                      HelpFile                            Provides assertion convenience methods for comparing objects...
about_TestDrive                   HelpFile                            A PSDrive for file activity limited to the scope of a singe ...


PS C:\Users\Asus> help Out-Printer

NOMBRE
    Out-Printer

SINTAXIS
    Out-Printer [[-Name] <string>]  [<CommonParameters>]


ALIAS
    lp


NOTAS
    Get-Help no encuentra los archivos de Ayuda para este cmdlet en el equipo. Mostrará solo una parte de la Ayuda.
        -- Para descargar e instalar los archivos de Ayuda para el módulo que incluye este cmdlet, use Update-Help.
        -- Para ver en línea el tema de Ayuda de este cmdlet, escriba "Get-Help Out-Printer -Online" o
           vaya a https://go.microsoft.com/fwlink/?LinkID=113367.



PS C:\Users\Asus> help Out-File

NOMBRE
    Out-File

SINTAXIS
    Out-File [-FilePath] <string> [[-Encoding] {unknown | string | unicode | bigendianunicode | utf8 | utf7 | utf32 | ascii |
    default | oem}]  [<CommonParameters>]

    Out-File [[-Encoding] {unknown | string | unicode | bigendianunicode | utf8 | utf7 | utf32 | ascii | default | oem}]
    [<CommonParameters>]


ALIAS
    Ninguno


NOTAS
    Get-Help no encuentra los archivos de Ayuda para este cmdlet en el equipo. Mostrará solo una parte de la Ayuda.
        -- Para descargar e instalar los archivos de Ayuda para el módulo que incluye este cmdlet, use Update-Help.
        -- Para ver en línea el tema de Ayuda de este cmdlet, escriba "Get-Help Out-File -Online" o
           vaya a https://go.microsoft.com/fwlink/?LinkID=113363.



PS C:\Users\Asus> help *log*

Name                              Category  Module                    Synopsis
----                              --------  ------                    --------
Clear-EventLog                    Cmdlet    Microsoft.PowerShell.M... ...
Get-EventLog                      Cmdlet    Microsoft.PowerShell.M... ...
Limit-EventLog                    Cmdlet    Microsoft.PowerShell.M... ...
New-EventLog                      Cmdlet    Microsoft.PowerShell.M... ...
Remove-EventLog                   Cmdlet    Microsoft.PowerShell.M... ...
Show-EventLog                     Cmdlet    Microsoft.PowerShell.M... ...
Write-EventLog                    Cmdlet    Microsoft.PowerShell.M... ...
Save-AzureWebsiteLog              Cmdlet    Azure                     Save-AzureWebsiteLog...
Get-WAPackLogicalNetwork          Cmdlet    Azure                     Get-WAPackLogicalNetwork...
Get-AzureWebsiteLog               Cmdlet    Azure                     Get-AzureWebsiteLog...
Export-AzureAnalysisServicesIn... Cmdlet    Azure.AnalysisServices    Export-AzureAnalysisServicesInstanceLog...
Set-AzureStorageServiceLogging... Cmdlet    Azure.Storage             Set-AzureStorageServiceLoggingProperty...
Get-AzureStorageServiceLogging... Cmdlet    Azure.Storage             Get-AzureStorageServiceLoggingProperty...
New-AzureRmApiManagementLogger    Cmdlet    AzureRM.ApiManagement     New-AzureRmApiManagementLogger...
Set-AzureRmApiManagementLogger    Cmdlet    AzureRM.ApiManagement     Set-AzureRmApiManagementLogger...
Remove-AzureRmApiManagementLogger Cmdlet    AzureRM.ApiManagement     Remove-AzureRmApiManagementLogger...
Get-AzureRmApiManagementLogger    Cmdlet    AzureRM.ApiManagement     Get-AzureRmApiManagementLogger...
Get-AzureBatchRemoteLoginSettings Cmdlet    AzureRM.Batch             Get-AzureBatchRemoteLoginSettings...
Export-AzureRmLogAnalyticReque... Cmdlet    AzureRM.Compute           Export-AzureRmLogAnalyticRequestRateByInterval...
Export-AzureRmLogAnalyticThrot... Cmdlet    AzureRM.Compute           Export-AzureRmLogAnalyticThrottledRequests...
Get-AzureRmContainerInstanceLog   Cmdlet    AzureRM.ContainerInstance Get-AzureRmContainerInstanceLog...
Save-AzureRmDataFactoryLog        Cmdlet    AzureRM.DataFactories     Save-AzureRmDataFactoryLog...
Get-AzureRmDataLakeAnalyticsCa... Cmdlet    AzureRM.DataLakeAnalytics Get-AzureRmDataLakeAnalyticsCatalogItem...
Set-AzureRmDataLakeAnalyticsCa... Cmdlet    AzureRM.DataLakeAnalytics Set-AzureRmDataLakeAnalyticsCatalogSecret...
Remove-AzureRmDataLakeAnalytic... Cmdlet    AzureRM.DataLakeAnalytics Remove-AzureRmDataLakeAnalyticsCatalogSecret...
New-AzureRmDataLakeAnalyticsCa... Cmdlet    AzureRM.DataLakeAnalytics New-AzureRmDataLakeAnalyticsCatalogCredential...
Remove-AzureRmDataLakeAnalytic... Cmdlet    AzureRM.DataLakeAnalytics Remove-AzureRmDataLakeAnalyticsCatalogCredential...
Test-AzureRmDataLakeAnalyticsC... Cmdlet    AzureRM.DataLakeAnalytics Test-AzureRmDataLakeAnalyticsCatalogItem...
Set-AzureRmDataLakeAnalyticsCa... Cmdlet    AzureRM.DataLakeAnalytics Set-AzureRmDataLakeAnalyticsCatalogCredential...
New-AzureRmDataLakeAnalyticsCa... Cmdlet    AzureRM.DataLakeAnalytics New-AzureRmDataLakeAnalyticsCatalogSecret...
Get-AzureRmActivityLogAlert       Cmdlet    AzureRM.Insights          Get-AzureRmActivityLogAlert...
Get-AzureRmLog                    Cmdlet    AzureRM.Insights          Get-AzureRmLog...
Get-AzureRmLogProfile             Cmdlet    AzureRM.Insights          Get-AzureRmLogProfile...
Add-AzureRmLogProfile             Cmdlet    AzureRM.Insights          Add-AzureRmLogProfile...
Remove-AzureRmActivityLogAlert    Cmdlet    AzureRM.Insights          Remove-AzureRmActivityLogAlert...
Remove-AzureRmLogProfile          Cmdlet    AzureRM.Insights          Remove-AzureRmLogProfile...
Set-AzureRmActivityLogAlert       Cmdlet    AzureRM.Insights          Set-AzureRmActivityLogAlert...
Enable-AzureRmActivityLogAlert    Cmdlet    AzureRM.Insights          Enable-AzureRmActivityLogAlert...
New-AzureRmActivityLogAlertCon... Cmdlet    AzureRM.Insights          New-AzureRmActivityLogAlertCondition...
Disable-AzureRmActivityLogAlert   Cmdlet    AzureRM.Insights          Disable-AzureRmActivityLogAlert...
Get-AzureRmLogicAppTriggerHistory Cmdlet    AzureRM.LogicApp          Get-AzureRmLogicAppTriggerHistory...
New-AzureRmLogicApp               Cmdlet    AzureRM.LogicApp          New-AzureRmLogicApp...
Remove-AzureRmLogicApp            Cmdlet    AzureRM.LogicApp          Remove-AzureRmLogicApp...
Get-AzureRmLogicApp               Cmdlet    AzureRM.LogicApp          Get-AzureRmLogicApp...
Set-AzureRmLogicApp               Cmdlet    AzureRM.LogicApp          Set-AzureRmLogicApp...
Get-AzureRmLogicAppRunAction      Cmdlet    AzureRM.LogicApp          Get-AzureRmLogicAppRunAction...
Get-AzureRmLogicAppRunHistory     Cmdlet    AzureRM.LogicApp          Get-AzureRmLogicAppRunHistory...
Get-AzureRmLogicAppTriggerCall... Cmdlet    AzureRM.LogicApp          Get-AzureRmLogicAppTriggerCallbackUrl...
Stop-AzureRmLogicAppRun           Cmdlet    AzureRM.LogicApp          Stop-AzureRmLogicAppRun...
Test-AzureRmLogicApp              Cmdlet    AzureRM.LogicApp          Test-AzureRmLogicApp...
Get-AzureRmLogicAppUpgradedDef... Cmdlet    AzureRM.LogicApp          Get-AzureRmLogicAppUpgradedDefinition...
Start-AzureRmLogicApp             Cmdlet    AzureRM.LogicApp          Start-AzureRmLogicApp...
Get-AzureRmLogicAppTrigger        Cmdlet    AzureRM.LogicApp          Get-AzureRmLogicAppTrigger...
Set-AzureRmNetworkWatcherConfi... Cmdlet    AzureRM.Network           Set-AzureRmNetworkWatcherConfigFlowLog...
Get-AzureRmNetworkWatcherFlowL... Cmdlet    AzureRM.Network           Get-AzureRmNetworkWatcherFlowLogStatus...
Get-AzureRmNetworkWatcherTopology Cmdlet    AzureRM.Network           Get-AzureRmNetworkWatcherTopology...
Enable-AzureRmOperationalInsig... Cmdlet    AzureRM.OperationalIns... Enable-AzureRmOperationalInsightsLinuxSyslogCollection...
Enable-AzureRmOperationalInsig... Cmdlet    AzureRM.OperationalIns... Enable-AzureRmOperationalInsightsLinuxCustomLogCollection...
New-AzureRmOperationalInsights... Cmdlet    AzureRM.OperationalIns... New-AzureRmOperationalInsightsCustomLogDataSource...
New-AzureRmOperationalInsights... Cmdlet    AzureRM.OperationalIns... New-AzureRmOperationalInsightsAzureActivityLogDataSource...
Disable-AzureRmOperationalInsi... Cmdlet    AzureRM.OperationalIns... Disable-AzureRmOperationalInsightsIISLogCollection...
Disable-AzureRmOperationalInsi... Cmdlet    AzureRM.OperationalIns... Disable-AzureRmOperationalInsightsLinuxSyslogCollection...
New-AzureRmOperationalInsights... Cmdlet    AzureRM.OperationalIns... New-AzureRmOperationalInsightsLinuxSyslogDataSource...
Enable-AzureRmOperationalInsig... Cmdlet    AzureRM.OperationalIns... Enable-AzureRmOperationalInsightsIISLogCollection...
Disable-AzureRmOperationalInsi... Cmdlet    AzureRM.OperationalIns... Disable-AzureRmOperationalInsightsLinuxCustomLogCollection...
Get-AzureRmSqlSyncGroupLog        Cmdlet    AzureRM.Sql               Get-AzureRmSqlSyncGroupLog...
Enable-AppBackgroundTaskDiagno... Cmdlet    AppBackgroundTask         Enable-AppBackgroundTaskDiagnosticLog...
Disable-AppBackgroundTaskDiagn... Cmdlet    AppBackgroundTask         Disable-AppBackgroundTaskDiagnosticLog...
Get-AppxLog                       Function  Appx                      ...
Export-BinaryMiLog                Cmdlet    CimCmdlets                Export-BinaryMiLog...
Import-BinaryMiLog                Cmdlet    CimCmdlets                Import-BinaryMiLog...
Get-MpThreatCatalog               Function  ConfigDefender            ...
Get-DeliveryOptimizationLog       Cmdlet    DeliveryOptimization      Get-DeliveryOptimizationLog...
Start-AutologgerConfig            Function  EventTracingManagement    ...
Remove-AutologgerConfig           Function  EventTracingManagement    ...
Get-AutologgerConfig              Function  EventTracingManagement    ...
Update-AutologgerConfig           Function  EventTracingManagement    ...
New-AutologgerConfig              Function  EventTracingManagement    ...
Test-FileCatalog                  Cmdlet    Microsoft.PowerShell.S... Test-FileCatalog...
New-FileCatalog                   Cmdlet    Microsoft.PowerShell.S... New-FileCatalog...
Set-DtcLog                        Function  MsDtc                     ...
Get-DtcLog                        Function  MsDtc                     ...
Reset-DtcLog                      Function  MsDtc                     ...
Get-PcsvDeviceLog                 Function  PcsvDevice                ...
Clear-PcsvDeviceLog               Function  PcsvDevice                ...
Get-LogProperties                 Function  PSDiagnostics             ...
Set-LogProperties                 Function  PSDiagnostics             ...
Stop-StorageDiagnosticLog         Function  Storage                   ...
Start-StorageDiagnosticLog        Function  Storage                   ...
Get-WindowsUpdateLog              Function  WindowsUpdate             ...


PS C:\Users\Asus> help New-EventLog

NOMBRE
    New-EventLog

SINTAXIS
    New-EventLog [-LogName] <string> [-Source] <string[]> [[-ComputerName] <string[]>]  [<CommonParameters>]


ALIAS
    Ninguno


NOTAS
    Get-Help no encuentra los archivos de Ayuda para este cmdlet en el equipo. Mostrará solo una parte de la Ayuda.
        -- Para descargar e instalar los archivos de Ayuda para el módulo que incluye este cmdlet, use Update-Help.
        -- Para ver en línea el tema de Ayuda de este cmdlet, escriba "Get-Help New-EventLog -Online" o
           vaya a https://go.microsoft.com/fwlink/?LinkID=135235.



PS C:\Users\Asus> help Write-EventLog

NOMBRE
    Write-EventLog

SINTAXIS
    Write-EventLog [-LogName] <string> [-Source] <string> [-EventId] <int> [[-EntryType] {Error | Information | FailureAudit |
    SuccessAudit | Warning}] [-Message] <string>  [<CommonParameters>]


ALIAS
    Ninguno


NOTAS
    Get-Help no encuentra los archivos de Ayuda para este cmdlet en el equipo. Mostrará solo una parte de la Ayuda.
        -- Para descargar e instalar los archivos de Ayuda para el módulo que incluye este cmdlet, use Update-Help.
        -- Para ver en línea el tema de Ayuda de este cmdlet, escriba "Get-Help Write-EventLog -Online" o
           vaya a https://go.microsoft.com/fwlink/?LinkID=135281.



PS C:\Users\Asus> help *alias*

Name                              Category  Module                    Synopsis
----                              --------  ------                    --------
Export-Alias                      Cmdlet    Microsoft.PowerShell.U... ...
Get-Alias                         Cmdlet    Microsoft.PowerShell.U... ...
Import-Alias                      Cmdlet    Microsoft.PowerShell.U... ...
New-Alias                         Cmdlet    Microsoft.PowerShell.U... ...
Set-Alias                         Cmdlet    Microsoft.PowerShell.U... ...
New-AzureRmSqlServerDnsAlias      Cmdlet    AzureRM.Sql               New-AzureRmSqlServerDnsAlias...
Remove-AzureRmSqlServerDnsAlias   Cmdlet    AzureRM.Sql               Remove-AzureRmSqlServerDnsAlias...
Get-AzureRmSqlServerDnsAlias      Cmdlet    AzureRM.Sql               Get-AzureRmSqlServerDnsAlias...
Set-AzureRmSqlServerDnsAlias      Cmdlet    AzureRM.Sql               Set-AzureRmSqlServerDnsAlias...


PS C:\Users\Asus> help *Transcript*

Name                              Category  Module                    Synopsis
----                              --------  ------                    --------
Start-Transcript                  Cmdlet    Microsoft.PowerShell.Host ...
Stop-Transcript                   Cmdlet    Microsoft.PowerShell.Host ...


PS C:\Users\Asus> help *Security*

Name                              Category  Module                    Synopsis
----                              --------  ------                    --------
Remove-AzureNetworkSecurityGro... Cmdlet    Azure                     Remove-AzureNetworkSecurityGroupConfig...
Get-AzureNetworkSecurityGroupC... Cmdlet    Azure                     Get-AzureNetworkSecurityGroupConfig...
Get-AzureNetworkSecurityGroupA... Cmdlet    Azure                     Get-AzureNetworkSecurityGroupAssociation...
Move-AzureNetworkSecurityGroup    Cmdlet    Azure                     Move-AzureNetworkSecurityGroup...
Remove-AzureNetworkSecurityGroup  Cmdlet    Azure                     Remove-AzureNetworkSecurityGroup...
Set-AzureNetworkSecurityRule      Cmdlet    Azure                     Set-AzureNetworkSecurityRule...
Get-AzureNetworkSecurityGroup     Cmdlet    Azure                     Get-AzureNetworkSecurityGroup...
Remove-AzureNetworkSecurityGro... Cmdlet    Azure                     Remove-AzureNetworkSecurityGroupFromSubnet...
Remove-AzureNetworkSecurityRule   Cmdlet    Azure                     Remove-AzureNetworkSecurityRule...
Get-AzureNetworkSecurityGroupF... Cmdlet    Azure                     Get-AzureNetworkSecurityGroupForSubnet...
Set-AzureNetworkSecurityGroupC... Cmdlet    Azure                     Set-AzureNetworkSecurityGroupConfig...
Set-AzureNetworkSecurityGroupT... Cmdlet    Azure                     Set-AzureNetworkSecurityGroupToSubnet...
Set-AzureNetworkSecurityGroupA... Cmdlet    Azure                     Set-AzureNetworkSecurityGroupAssociation...
New-AzureNetworkSecurityGroup     Cmdlet    Azure                     New-AzureNetworkSecurityGroup...
Remove-AzureNetworkSecurityGro... Cmdlet    Azure                     Remove-AzureNetworkSecurityGroupAssociation...
Add-AzureRmHDInsightSecurityPr... Cmdlet    AzureRM.HDInsight         Add-AzureRmHDInsightSecurityProfile...
Get-AzureRmNetworkWatcherSecur... Cmdlet    AzureRM.Network           Get-AzureRmNetworkWatcherSecurityGroupView...
Get-AzureRmEffectiveNetworkSec... Cmdlet    AzureRM.Network           Get-AzureRmEffectiveNetworkSecurityGroup...
New-AzureRmApplicationSecurity... Cmdlet    AzureRM.Network           New-AzureRmApplicationSecurityGroup...
Get-AzureRmNetworkSecurityGroup   Cmdlet    AzureRM.Network           Get-AzureRmNetworkSecurityGroup...
New-AzureRmNetworkSecurityRule... Cmdlet    AzureRM.Network           New-AzureRmNetworkSecurityRuleConfig...
Set-AzureRmNetworkSecurityRule... Cmdlet    AzureRM.Network           Set-AzureRmNetworkSecurityRuleConfig...
Get-AzureRmNetworkSecurityRule... Cmdlet    AzureRM.Network           Get-AzureRmNetworkSecurityRuleConfig...
New-AzureRmNetworkSecurityGroup   Cmdlet    AzureRM.Network           New-AzureRmNetworkSecurityGroup...
Remove-AzureRmApplicationSecur... Cmdlet    AzureRM.Network           Remove-AzureRmApplicationSecurityGroup...
Add-AzureRmNetworkSecurityRule... Cmdlet    AzureRM.Network           Add-AzureRmNetworkSecurityRuleConfig...
Set-AzureRmNetworkSecurityGroup   Cmdlet    AzureRM.Network           Set-AzureRmNetworkSecurityGroup...
Get-AzureRmApplicationSecurity... Cmdlet    AzureRM.Network           Get-AzureRmApplicationSecurityGroup...
Remove-AzureRmNetworkSecurityG... Cmdlet    AzureRM.Network           Remove-AzureRmNetworkSecurityGroup...
Remove-AzureRmNetworkSecurityR... Cmdlet    AzureRM.Network           Remove-AzureRmNetworkSecurityRuleConfig...
Set-NetFirewallSecurityFilter     Function  NetSecurity               ...
Get-NetFirewallSecurityFilter     Function  NetSecurity               ...


PS C:\Users\Asus> help *EventLog*

Name                              Category  Module                    Synopsis
----                              --------  ------                    --------
Clear-EventLog                    Cmdlet    Microsoft.PowerShell.M... ...
Get-EventLog                      Cmdlet    Microsoft.PowerShell.M... ...
Limit-EventLog                    Cmdlet    Microsoft.PowerShell.M... ...
New-EventLog                      Cmdlet    Microsoft.PowerShell.M... ...
Remove-EventLog                   Cmdlet    Microsoft.PowerShell.M... ...
Show-EventLog                     Cmdlet    Microsoft.PowerShell.M... ...
Write-EventLog                    Cmdlet    Microsoft.PowerShell.M... ...


PS C:\Users\Asus> help *Get-EventLog*

NOMBRE
    Get-EventLog

SINTAXIS
    Get-EventLog [-LogName] <string> [[-InstanceId] <long[]>]  [<CommonParameters>]

    Get-EventLog  [<CommonParameters>]


ALIAS
    Ninguno


NOTAS
    Get-Help no encuentra los archivos de Ayuda para este cmdlet en el equipo. Mostrará solo una parte de la Ayuda.
        -- Para descargar e instalar los archivos de Ayuda para el módulo que incluye este cmdlet, use Update-Help.
        -- Para ver en línea el tema de Ayuda de este cmdlet, escriba "Get-Help Get-EventLog -Online" o
           vaya a https://go.microsoft.com/fwlink/?LinkID=113314.



PS C:\Users\Asus> Get-EventLog -LogName Security -Newest 10
>> ErrorTerminación(Get-EventLog): "Acceso denegado al Registro solicitado."
Get-EventLog : Acceso denegado al Registro solicitado.
En línea: 1 Carácter: 1
+ Get-EventLog -LogName Security -Newest 10
+ ~~~~~~~~~~~~~~~~~~~~~~~~~~~~~~~~~~~~~~~~~
    + CategoryInfo          : NotSpecified: (:) [Get-EventLog], SecurityException
    + FullyQualifiedErrorId : System.Security.SecurityException,Microsoft.PowerShell.Commands.GetEventLogCommand
Get-EventLog : Acceso denegado al Registro solicitado.
En línea: 1 Carácter: 1
+ Get-EventLog -LogName Security -Newest 10
+ ~~~~~~~~~~~~~~~~~~~~~~~~~~~~~~~~~~~~~~~~~
    + CategoryInfo          : NotSpecified: (:) [Get-EventLog], SecurityException
    + FullyQualifiedErrorId : System.Security.SecurityException,Microsoft.PowerShell.Commands.GetEventLogCommand

PS C:\Users\Asus> help *Get-Process*

Name                              Category  Module                    Synopsis
----                              --------  ------                    --------
Get-Process                       Cmdlet    Microsoft.PowerShell.M... ...
Get-ProcessMitigation             Cmdlet    ProcessMitigations        Get-ProcessMitigation...


PS C:\Users\Asus> help Get-Process

NOMBRE
    Get-Process

SINTAXIS
    Get-Process [[-Name] <string[]>]  [<CommonParameters>]

    Get-Process [[-Name] <string[]>]  [<CommonParameters>]

    Get-Process  [<CommonParameters>]

    Get-Process  [<CommonParameters>]

    Get-Process  [<CommonParameters>]

    Get-Process  [<CommonParameters>]


ALIAS
    gps
    ps


NOTAS
    Get-Help no encuentra los archivos de Ayuda para este cmdlet en el equipo. Mostrará solo una parte de la Ayuda.
        -- Para descargar e instalar los archivos de Ayuda para el módulo que incluye este cmdlet, use Update-Help.
        -- Para ver en línea el tema de Ayuda de este cmdlet, escriba "Get-Help Get-Process -Online" o
           vaya a https://go.microsoft.com/fwlink/?LinkID=113324.



PS C:\Users\Asus> help *Get-Service*

NOMBRE
    Get-Service

SINTAXIS
    Get-Service [[-Name] <string[]>]  [<CommonParameters>]

    Get-Service  [<CommonParameters>]

    Get-Service  [<CommonParameters>]


ALIAS
    gsv


NOTAS
    Get-Help no encuentra los archivos de Ayuda para este cmdlet en el equipo. Mostrará solo una parte de la Ayuda.
        -- Para descargar e instalar los archivos de Ayuda para el módulo que incluye este cmdlet, use Update-Help.
        -- Para ver en línea el tema de Ayuda de este cmdlet, escriba "Get-Help Get-Service -Online" o
           vaya a https://go.microsoft.com/fwlink/?LinkID=113332.



PS C:\Users\Asus> help Out-File

NOMBRE
    Out-File

SINTAXIS
    Out-File [-FilePath] <string> [[-Encoding] {unknown | string | unicode | bigendianunicode | utf8 | utf7 | utf32 | ascii |
    default | oem}]  [<CommonParameters>]

    Out-File [[-Encoding] {unknown | string | unicode | bigendianunicode | utf8 | utf7 | utf32 | ascii | default | oem}]
    [<CommonParameters>]


ALIAS
    Ninguno


NOTAS
    Get-Help no encuentra los archivos de Ayuda para este cmdlet en el equipo. Mostrará solo una parte de la Ayuda.
        -- Para descargar e instalar los archivos de Ayuda para el módulo que incluye este cmdlet, use Update-Help.
        -- Para ver en línea el tema de Ayuda de este cmdlet, escriba "Get-Help Out-File -Online" o
           vaya a https://go.microsoft.com/fwlink/?LinkID=113363.



PS C:\Users\Asus> help *NoClobber*
PS C:\Users\Asus> help NoClobber
Get-Help : Get-Help no pudo encontrar NoClobber en un archivo de Ayuda en esta sesión. Para descargar los temas de 
Ayuda actualizados, escribe: "Update-Help". Para obtener Ayuda en pantalla, busca el tema de Ayuda en la biblioteca de 
TechNet en https:/go.microsoft.com/fwlink/?LinkID=107116.
En línea: 55 Carácter: 5
+     Get-Help @PSBoundParameters | more
+     ~~~~~~~~~~~~~~~~~~~~~~~~~~~
    + CategoryInfo          : ResourceUnavailable: (:) [Get-Help], HelpNotFoundException
    + FullyQualifiedErrorId : HelpNotFound,Microsoft.PowerShell.Commands.GetHelpCommand
Get-Help : Get-Help no pudo encontrar NoClobber en un archivo de Ayuda en esta sesión. Para descargar los temas de Ayuda
actualizados, escribe: "Update-Help". Para obtener Ayuda en pantalla, busca el tema de Ayuda en la biblioteca de TechNet en
https:/go.microsoft.com/fwlink/?LinkID=107116.
En línea: 55 Carácter: 5
+     Get-Help @PSBoundParameters | more
+     ~~~~~~~~~~~~~~~~~~~~~~~~~~~
    + CategoryInfo          : ResourceUnavailable: (:) [Get-Help], HelpNotFoundException
    + FullyQualifiedErrorId : HelpNotFound,Microsoft.PowerShell.Commands.GetHelpCommand

PS C:\Users\Asus> Update-Help
Update-Help : No se pudo actualizar la Ayuda para los módulos: 
'AppBackgroundTask, AppLocker, Appx, AssignedAccess, BitLocker, BitsTransfer, BranchCache, CimCmdlets, ConfigCI, 
DirectAccessClientComponents, Dism, DnsClient, EventTracingManagement, International, iSCSI, ISE, Kds, 
Microsoft.PowerShell.Archive, Microsoft.PowerShell.Core, Microsoft.PowerShell.Diagnostics, Microsoft.PowerShell.Host, 
Microsoft.PowerShell.LocalAccounts, Microsoft.PowerShell.Management, Microsoft.PowerShell.Security, 
Microsoft.PowerShell.Utility, Microsoft.WSMan.Management, MMAgent, MsDtc, NetAdapter, NetConnection, 
NetEventPacketCapture, NetLbfo, NetNat, NetQos, NetSecurity, NetSwitchTeam, NetTCPIP, NetworkConnectivityStatus, 
NetworkSwitchManager, NetworkTransition, PackageManagement, PcsvDevice, PKI, PnpDevice, PowerShellGet, PrintManagement, 
ProcessMitigations, Provisioning, PSDesiredStateConfiguration, PSReadline, PSScheduledJob, PSWorkflow, 
PSWorkflowUtility, ScheduledTasks, SecureBoot, SmbShare, SmbWitness, StartLayout, Storage, TLS, TroubleshootingPack, 
TrustedPlatformModule, VpnClient, Wdac, WindowsErrorReporting, WindowsSearch, WindowsUpdate'
Acceso denegado. El comando no pudo actualizar los temas de Ayuda para los módulos principales de Windows PowerShell o 
para los módulos del directorio $pshome\Modules. Para actualizar estos temas de Ayuda, inicie Windows PowerShell con el 
comando "Ejecutar como administrador" e intente volver a ejecutar Update-Help.
En línea: 1 Carácter: 1
+ Update-Help
+ ~~~~~~~~~~~
    + CategoryInfo          : InvalidOperation: (:) [Update-Help], Exception
    + FullyQualifiedErrorId : UpdatableHelpSystemRequiresElevation,Microsoft.PowerShell.Commands.UpdateHelpCommand
Update-Help : No se pudo actualizar la Ayuda para los módulos:
'AppBackgroundTask, AppLocker, Appx, AssignedAccess, BitLocker, BitsTransfer, BranchCache, CimCmdlets, ConfigCI,
DirectAccessClientComponents, Dism, DnsClient, EventTracingManagement, International, iSCSI, ISE, Kds, Microsoft.PowerShell.Archive,
Microsoft.PowerShell.Core, Microsoft.PowerShell.Diagnostics, Microsoft.PowerShell.Host, Microsoft.PowerShell.LocalAccounts,
Microsoft.PowerShell.Management, Microsoft.PowerShell.Security, Microsoft.PowerShell.Utility, Microsoft.WSMan.Management, MMAgent,
MsDtc, NetAdapter, NetConnection, NetEventPacketCapture, NetLbfo, NetNat, NetQos, NetSecurity, NetSwitchTeam, NetTCPIP,
NetworkConnectivityStatus, NetworkSwitchManager, NetworkTransition, PackageManagement, PcsvDevice, PKI, PnpDevice, PowerShellGet,
PrintManagement, ProcessMitigations, Provisioning, PSDesiredStateConfiguration, PSReadline, PSScheduledJob, PSWorkflow,
PSWorkflowUtility, ScheduledTasks, SecureBoot, SmbShare, SmbWitness, StartLayout, Storage, TLS, TroubleshootingPack,
TrustedPlatformModule, VpnClient, Wdac, WindowsErrorReporting, WindowsSearch, WindowsUpdate'
Acceso denegado. El comando no pudo actualizar los temas de Ayuda para los módulos principales de Windows PowerShell o para los
módulos del directorio $pshome\Modules. Para actualizar estos temas de Ayuda, inicie Windows PowerShell con el comando "Ejecutar
como administrador" e intente volver a ejecutar Update-Help.
En línea: 1 Carácter: 1
+ Update-Help
+ ~~~~~~~~~~~
    + CategoryInfo          : InvalidOperation: (:) [Update-Help], Exception
    + FullyQualifiedErrorId : UpdatableHelpSystemRequiresElevation,Microsoft.PowerShell.Commands.UpdateHelpCommand

Update-Help : No se pudo actualizar la Ayuda para los módulos 'AppvClient, ConfigDefender, Defender, 
Microsoft.PowerShell.ODataUtils, Microsoft.PowerShell.Operation.Validation, UEV, Whea, WindowsDeveloperLicense' con las 
referencias culturales de interfaz de usuario {es-ES} : No se puede conectar con el contenido de la Ayuda. Es posible 
que el servidor donde está almacenado este contenido no esté disponible. Compruebe que el servidor esté disponible, o 
espere a que el servidor vuelva a estar en línea, e intente ejecutar el comando de nuevo.
En línea: 1 Carácter: 1
+ Update-Help
+ ~~~~~~~~~~~
    + CategoryInfo          : InvalidOperation: (:) [Update-Help], Exception
    + FullyQualifiedErrorId : UnableToConnect,Microsoft.PowerShell.Commands.UpdateHelpCommand
Update-Help : No se pudo actualizar la Ayuda para los módulos 'AppvClient, ConfigDefender, Defender,
Microsoft.PowerShell.ODataUtils, Microsoft.PowerShell.Operation.Validation, UEV, Whea, WindowsDeveloperLicense' con las referencias
culturales de interfaz de usuario {es-ES} : No se puede conectar con el contenido de la Ayuda. Es posible que el servidor donde está
almacenado este contenido no esté disponible. Compruebe que el servidor esté disponible, o espere a que el servidor vuelva a estar
en línea, e intente ejecutar el comando de nuevo.
En línea: 1 Carácter: 1
+ Update-Help
+ ~~~~~~~~~~~
    + CategoryInfo          : InvalidOperation: (:) [Update-Help], Exception
    + FullyQualifiedErrorId : UnableToConnect,Microsoft.PowerShell.Commands.UpdateHelpCommand

Update-Help : No se pudo actualizar la Ayuda para los módulos 'WindowsUpdateProvider' con las referencias culturales de 
interfaz de usuario {es-ES} : No se puede recuperar el archivo XML HelpInfo para la referencia cultural de la interfaz 
de usuario es-ES. Asegúrese de que la propiedad HelpInfoUri del manifiesto del módulo sea válida o compruebe la 
conexión de red e intente ejecutar el comando de nuevo.
En línea: 1 Carácter: 1
+ Update-Help
+ ~~~~~~~~~~~
    + CategoryInfo          : ResourceUnavailable: (:) [Update-Help], Exception
    + FullyQualifiedErrorId : UnableToRetrieveHelpInfoXml,Microsoft.PowerShell.Commands.UpdateHelpCommand
Update-Help : No se pudo actualizar la Ayuda para los módulos 'WindowsUpdateProvider' con las referencias culturales de interfaz de
usuario {es-ES} : No se puede recuperar el archivo XML HelpInfo para la referencia cultural de la interfaz de usuario es-ES.
Asegúrese de que la propiedad HelpInfoUri del manifiesto del módulo sea válida o compruebe la conexión de red e intente ejecutar el
comando de nuevo.
En línea: 1 Carácter: 1
+ Update-Help
+ ~~~~~~~~~~~
    + CategoryInfo          : ResourceUnavailable: (:) [Update-Help], Exception
    + FullyQualifiedErrorId : UnableToRetrieveHelpInfoXml,Microsoft.PowerShell.Commands.UpdateHelpCommand

PS C:\Users\Asus> NoClobber
NoClobber : El término 'NoClobber' no se reconoce como nombre de un cmdlet, función, archivo de script o programa 
ejecutable. Compruebe si escribió correctamente el nombre o, si incluyó una ruta de acceso, compruebe que dicha ruta es 
correcta e inténtelo de nuevo.
En línea: 1 Carácter: 1
+ NoClobber
+ ~~~~~~~~~
    + CategoryInfo          : ObjectNotFound: (NoClobber:String) [], CommandNotFoundException
    + FullyQualifiedErrorId : CommandNotFoundException
NoClobber : El término 'NoClobber' no se reconoce como nombre de un cmdlet, función, archivo de script o programa ejecutable.
Compruebe si escribió correctamente el nombre o, si incluyó una ruta de acceso, compruebe que dicha ruta es correcta e inténtelo de
nuevo.
En línea: 1 Carácter: 1
+ NoClobber
+ ~~~~~~~~~
    + CategoryInfo          : ObjectNotFound: (NoClobber:String) [], CommandNotFoundException
    + FullyQualifiedErrorId : CommandNotFoundException

PS C:\Users\Asus> Stop-Transcript
**********************
Fin de la transcripción de Windows PowerShell
Hora de finalización: 20200129145818
**********************
